// Vitest Snapshot v1, https://vitest.dev/guide/snapshot.html

exports[`Journals page renders 1`] = `
<DocumentFragment>
  <h1>
    Journals
  </h1>
  <ul>
    <li>
      <a
        data-discover="true"
        href="/journal/2020"
      >
        2020
      </a>
    </li>
    <li>
      <a
        data-discover="true"
        href="/journal/2021"
      >
        2021
      </a>
    </li>
    <li>
      <a
        data-discover="true"
        href="/journal/2022"
      >
        2022
      </a>
    </li>
    <li>
      <a
        data-discover="true"
        href="/journal/2023"
      >
        2023
      </a>
    </li>
    <li>
      <a
        data-discover="true"
        href="/journal/2024"
      >
        2024
      </a>
    </li>
    <li>
      <a
        data-discover="true"
        href="/journal/2025"
      >
        2025
      </a>
    </li>
    <li>
      <a
        data-discover="true"
        href="/journal/2026"
      >
        2026
      </a>
    </li>
    <li>
      <a
        data-discover="true"
        href="/journal/2027"
      >
        2027
      </a>
    </li>
    <li>
      <a
        data-discover="true"
        href="/journal/2028"
      >
        2028
      </a>
    </li>
    <li>
      <a
        data-discover="true"
        href="/journal/2029"
      >
        2029
      </a>
    </li>
  </ul>
</DocumentFragment>
`;
